// Jest Snapshot v1, https://goo.gl/fbAQLP

exports[`<GridPost /> #event valida se o evento foi disparado ao clicar em btn-edit 1`] = `
<Link
  className="btn-edit"
  to="/posts/1"
>
  <LinkAnchor
    className="btn-edit"
    href="/posts/1"
    navigate={[Function]}
  >
    <a
      className="btn-edit"
      href="/posts/1"
      onClick={[Function]}
    >
      Editar
    </a>
  </LinkAnchor>
</Link>
`;

exports[`<GridPost /> #event valida se o evento foi disparado ao clicar em btn-exclude 1`] = `
<button
  className="btn-exclude"
  onClick={[Function]}
>
  Excluir
</button>
`;
